;"ÄÄÄÄÄÄÄÄÄÄÄÄÄÄÄÄÄÄÄÄÄÄÄÄÄÄÄÄÄÄÄÄÄÄÄÄÄÄÄÄÄÄÄÄÄÄÄÄÄ
;" ’ˆ› ˆ ŽŽ‡€—…ˆ… ’ˆ€ ‚Ž‡„“˜ŽƒŽ ‘“„€
;"ÄÄÄÄÄÄÄÄÄÄÄÄÄÄÄÄÄÄÄÄÄÄÄÄÄÄÄÄÄÄÄÄÄÄÄÄÄÄÄÄÄÄÄÄÄÄÄÄÄ

; "ÄÄÄÄ
; " €
; "ÄÄÄÄ

   €2       €­-2        ;   ; AN2
   €2Œ      €­-2Œ       ;   ; AN2
   €8       €­-8
   €12      €­-12       ;   ; AN12
   €22      €­-22       ;   ; AN22
   €24      €­-24       ;   ; AN24
   €26      €­-26       ;   ; AN26
   €38      €­-38       ;   ; AN28
   €28      €­-28       ;   ; AN28
   €30      €­-30       ;   ; AN30
   €72      €­-72       ;   ; AN72
   €74      €­-74       ;   ; AN74
   €124      €­-124      ;   ; AN2R
   €225      €­-225      ;   ; AN5M


; "ÄÄÄÄ
; " ‚
; "ÄÄÄÄ

   ‚03       ‚-3


; "ÄÄÄÄ
; " ˆ
; "ÄÄÄÄ

   ˆ‹14      ˆ«-14
   ˆ‹18      ˆ«-18
   ˆ‹62      ˆ«-62
   ˆ62Œ      ˆ«-62Œ      ;   ; IL62
   ˆ‹76      ˆ«-76
   ˆ76’      ˆ«-76’      ;   ; IL76
   ˆ‹86      ˆ«-86
   ˆ‹96      ˆ«-96


; "ÄÄÄÄ
; " Š
; "ÄÄÄÄ

   Š€11      Š -11       ;   ; KA11
   Š€26      Š -26       ;   ; KA26
   Š€32      Š -32       ;   ; KA32
   Š126      Š -126


; "ÄÄÄÄ
; " ‹
; "ÄÄÄÄ

   ‹410      ‹-410       ;   ; O410
   ‹610      ‹-610       ;   ; O610


; "ÄÄÄÄ
; " Œ
; "ÄÄÄÄ

   Œˆ1       Œ¨-1        ;   ; MI1
   Œˆ2       Œ¨-2        ;   ; MI2
   Œˆ4       Œ¨-4        ;   ; MI4
   Œˆ6       Œ¨-6        ;   ; MI6
   Œˆ8       Œ¨-8        ;   ; MI8
   Œˆ10      Œ¨-10       ;   ; MI10
   Œˆ17      Œ¨-17       ;   ; MI17
   Œˆ24      Œ¨-24       ;   ; MI24
   Œˆ26      Œ¨-26       ;   ; MI26
   Œˆ29      Œ¨-29       ;   ; MI29


; "ÄÄÄÄ
; " Ÿ
; "ÄÄÄÄ

   ŸŠ18      Ÿª-18       ;   ; YK18
   ŸŠ40      Ÿª-40       ;   ; YK40
   ŸŠ42      Ÿª-42       ;   ; YK42

   ’“34      ’ã-134      ;   ; TU34
   ’34€      ’ã-134€     ;   ; TU34
   ’34      ’ã-134     ;   ; TU34
   ’“54      ’ã-154      ;   ; TU54
   ’54‘      ’ã-154‘     ;   ; TU54
   ’54Œ      ’ã-154Œ     ;   ; TU54
   ’204      ’ã-204      ;   ; TUP4
