
  01  Let po okruhu
  02  Let do pracovnÇho priestoru, technika pilotovania
  03  Mimoletiskovò let
  04  Prelet, miestny prelet
  05  Traüovò let s premenlivòm profilom
  06  Let pri nadzvukovej ròchlosti
  07  Let do dostupu
  08  Let v malej a pr°zemnej vò®ke
  09  Let v r†diolokaánom kontakte
  10  Let v zakrytej kab°ne
  11  Let v mrakoch
  12  Let nad mrakmi
  13  Skupinov† zlietanosü a bojovÇ zostavy
  14  Spustenie motora (motorov) za letu
  15  Prelietavanie mrakov v zovretej zostave
  16  Prieskum poáasia
  17  Z†let lietadla

  18  Let s prist†tim na plochu mimo letiska
  19  Let z tr†vnatej plochy
  20  Prist†vac° manÇver z vypoá°tanej áiary (priameho smeru)
  21  Prist†vac° manÇver s dvoma z†krutami o 180 stup§ov

  22  Vlek vzdu®nòch teráov
  23  Streåba vzdu®nÇho cieåa
  24  Prepad vzdu®nÇho cieåa
  25  AutomatizovanÇ pr°strojovÇ alebo ruánÇ navedenie
  26  Prepad z prednej (zadnej) polosfÇry
  27  Sprev†dzanie
  28  Vzdu®nò boj
  29  ManÇver proti PVO

  30  Streåba na pozemnÇ ciele
  31  Bombardovanie
  32  Prieskumnò let

  33  Let ru®iáa s akt°vnym ru®en°m
  34  Let ru®iáa s pas°vnym ru®en°m
  35  Let ru®iáa s kombinovanòm ru®en°m

  36  Let na retransl†ciu
  37  Vysadenie pad†kovÇho vòsadku (n†kladu)

  38  Visenie vrtuån°ka (let na vysadenie åud°, n†kladu)
  39  Let vrtuån°ka s vonkaj®°m podvesom
  40  N†cvik prist†tia s autorot†ciou
  41  N†cvik vzletu a prist†tia
  42  Let v letiskovom priestore
  43  Spolupr†ca s pozemnòmi jednotkami

  44  Let bez identifikaánÇho zariadenia
  45  Let na kontrolu schopnosti prostriedkov RTZ
  46  Let pre vòcvik PLRV alebo RTV
  47  Let s £lohami fotografickÇho sn°mkovania
  48  S£áinnostnò let pre inÇ £tvary

  49  Let lietadla - cieå pri cviáen°             (KOMPLEX)
  50  Let lietadla - cieå pri kontrolnom oblete   (FATRA)
  51  Let na vòzvu v r†mci cviáenia               (KRIVè•)

  52  Let do opravovne (z opravovne)

  53  õt†tne dìleëitò let                         (SD)
  54  Let s ministrom obrany SR
  55  Let s N Gõ
  56  Let s N†áeln°kom ®t†bu LaPVO ASR

  57  Let v identifikaánom priestore              (PLOT)
  58  Let s moënosüou naru®enia ®t. hran°c SR
  59  Dodatoáne pl†novanò let

  60  Prieskumnò let, pl†n do 1h pred vzletom     (TORYSA)
  61  Prieskumnò let, pl†n najneskìr poáas vzletu (BECKOV)
  62  Prieskumnò let, pl†n najneskìr poáas vzletu (HORNèD)
  63  Prieskumnò let, pl†n najneskìr poáas vzletu (GERLACH)
  64  Prieskumnò let, pl†n najneskìr poáas vzletu a zmeniü so vzletom (INOVEC)
  65  In®pekcia inÇho ®t†tu, pl†n do vzletu       (HOLUBICA)

  66  Let na plnenie £loh LPZS
  67  Let policajnÇho vrtuån°ka                   (VùSKYT)
  68  Let na z†chranu åudskÇho ëivota
  69  Let sanitnò - so zranenòm álovekom          (SANITA)

  70  Let s £lohou zhadzovaü let†ky
  71  Vyhliadkovò let

  72  Vlek klz†ka
  73  Let na spÑtn£ prepravu klz†ka po jeho samostatnom lete

  74  Prieskumnò let podåa smernice NGõ           (ONDAVA)
